// Vitest Snapshot v1, https://vitest.dev/guide/snapshot.html

exports[`regressão OLD vs NEW > snapshot dos casos de regressão 1`] = `
[
  {
    "coberturaDias": 60,
    "decisao": "REPOR",
    "diasAlvo": 90,
    "diasEmEstoque": 60,
    "diasGiroEfetivo": 30,
    "estoqueAtual": 2,
    "pecasGiroConsideradas": 2,
    "precoCusto": 100,
    "qtdVendidos": 5,
    "vendaDiaria": 0.05,
  },
  {
    "coberturaDias": 60,
    "decisao": "SEM_CADASTRO",
    "diasAlvo": 90,
    "diasEmEstoque": 60,
    "diasGiroEfetivo": 30,
    "estoqueAtual": 2,
    "pecasGiroConsideradas": 2,
    "precoCusto": 0,
    "qtdVendidos": 5,
    "vendaDiaria": 0.05,
  },
  {
    "coberturaDias": 60,
    "decisao": "TROCAR",
    "diasAlvo": 90,
    "diasEmEstoque": 180,
    "diasGiroEfetivo": 30,
    "estoqueAtual": 2,
    "pecasGiroConsideradas": 2,
    "precoCusto": 100,
    "qtdVendidos": 0,
    "vendaDiaria": 0.05,
  },
  {
    "coberturaDias": 60,
    "decisao": "LIQUIDAR",
    "diasAlvo": 90,
    "diasEmEstoque": 270,
    "diasGiroEfetivo": 30,
    "estoqueAtual": 2,
    "pecasGiroConsideradas": 2,
    "precoCusto": 100,
    "qtdVendidos": 0,
    "vendaDiaria": 0.05,
  },
  {
    "coberturaDias": 100,
    "decisao": "OBSERVAR",
    "diasAlvo": 90,
    "diasEmEstoque": 60,
    "diasGiroEfetivo": 30,
    "estoqueAtual": 2,
    "pecasGiroConsideradas": 2,
    "precoCusto": 100,
    "qtdVendidos": 5,
    "vendaDiaria": 0.05,
  },
  {
    "coberturaDias": 60,
    "decisao": "REPOR",
    "diasAlvo": 90,
    "diasEmEstoque": 60,
    "diasGiroEfetivo": null,
    "estoqueAtual": 2,
    "pecasGiroConsideradas": 0,
    "precoCusto": 100,
    "qtdVendidos": 5,
    "vendaDiaria": 0.1,
  },
  {
    "coberturaDias": 60,
    "decisao": "OBSERVAR",
    "diasAlvo": 90,
    "diasEmEstoque": 60,
    "diasGiroEfetivo": null,
    "estoqueAtual": 2,
    "pecasGiroConsideradas": 0,
    "precoCusto": 100,
    "qtdVendidos": 5,
    "vendaDiaria": 0,
  },
  {
    "coberturaDias": 60,
    "decisao": "REPOR",
    "diasAlvo": 90,
    "diasEmEstoque": 150,
    "diasGiroEfetivo": 30,
    "estoqueAtual": 2,
    "pecasGiroConsideradas": 2,
    "precoCusto": 100,
    "qtdVendidos": 0,
    "vendaDiaria": 0.05,
  },
  {
    "coberturaDias": 60,
    "decisao": "REPOR",
    "diasAlvo": 90,
    "diasEmEstoque": 300,
    "diasGiroEfetivo": 30,
    "estoqueAtual": 0,
    "pecasGiroConsideradas": 2,
    "precoCusto": 100,
    "qtdVendidos": 0,
    "vendaDiaria": 0.05,
  },
]
`;
