// Vitest Snapshot v1, https://vitest.dev/guide/snapshot.html

exports[`calcularMixIdealCategoria > snapshot 1`] = `
[
  {
    "chave": "Armações RX",
    "gap": 11.458333333333343,
    "percentualAtual": 66.66666666666666,
    "percentualIdeal": 78.125,
  },
  {
    "chave": "Solar / OC",
    "gap": 1.875,
    "percentualAtual": 20,
    "percentualIdeal": 21.875,
  },
  {
    "chave": "Acessórios",
    "gap": -13.333333333333334,
    "percentualAtual": 13.333333333333334,
    "percentualIdeal": 0,
  },
]
`;
